
> echomatch@1.0.0 build
> next build

  Ôû▓ Next.js 14.2.33
  - Environments: .env

   Creating an optimized production build ...
node.exe : Failed to c
ompile.
At line:1 char:1
+ & "C:\Program Files\
nodejs/node.exe" "C:\U
sers\Jordan\AppData\Ro
aming ...
+ ~~~~~~~~~~~~~~~~~~~~
~~~~~~~~~~~~~~~~~~~~~~
~~~~~~~~~~~~~~~~~~~~~~
~~~~~
    + CategoryInfo    
          : NotSpeci  
  fied: (Failed to    
 compile.:String)     
[], RemoteExcepti    o
n
    + FullyQualifiedE 
   rrorId : NativeCo  
  mmandError
 

./app/globals.css.webp
ack[javascript/auto]!=
!./node_modules/next/d
ist/build/webpack/load
ers/css-loader/src/ind
ex.js??ruleSet[1].rule
s[14].oneOf[12].use[2]
!./node_modules/next/d
ist/build/webpack/load
ers/postcss-loader/src
/index.js??ruleSet[1].
rules[14].oneOf[12].us
e[3]!./app/globals.css
Error: It looks like y
ou're trying to use `t
ailwindcss` directly a
s a PostCSS plugin. Th
e PostCSS plugin has m
oved to a separate pac
kage, so to continue u
sing Tailwind CSS with
 PostCSS you'll need t
o install `@tailwindcs
s/postcss` and update 
your PostCSS configura
tion.
    at at (C:\Users\Jo
rdan\Desktop\site\echo
match\node_modules\tai
lwindcss\dist\lib.js:3
8:1629)
    at LazyResult.runO
nRoot (C:\Users\Jordan
\Desktop\site\echomatc
h\node_modules\next\no
de_modules\postcss\lib
\lazy-result.js:329:16
)
    at LazyResult.runA
sync (C:\Users\Jordan\
Desktop\site\echomatch
\node_modules\next\nod
e_modules\postcss\lib\
lazy-result.js:258:26)
    at LazyResult.asyn
c (C:\Users\Jordan\Des
ktop\site\echomatch\no
de_modules\next\node_m
odules\postcss\lib\laz
y-result.js:160:30)
    at LazyResult.then
 (C:\Users\Jordan\Desk
top\site\echomatch\nod
e_modules\next\node_mo
dules\postcss\lib\lazy
-result.js:404:17)

Import trace for reque
sted module:
./app/globals.css.webp
ack[javascript/auto]!=
!./node_modules/next/d
ist/build/webpack/load
ers/css-loader/src/ind
ex.js??ruleSet[1].rule
s[14].oneOf[12].use[2]
!./node_modules/next/d
ist/build/webpack/load
ers/postcss-loader/src
/index.js??ruleSet[1].
rules[14].oneOf[12].us
e[3]!./app/globals.css
./app/globals.css

./app/globals.css
Error: It looks like y
ou're trying to use `t
ailwindcss` directly a
s a PostCSS plugin. Th
e PostCSS plugin has m
oved to a separate pac
kage, so to continue u
sing Tailwind CSS with
 PostCSS you'll need t
o install `@tailwindcs
s/postcss` and update 
your PostCSS configura
tion.
    at at (C:\Users\Jo
rdan\Desktop\site\echo
match\node_modules\tai
lwindcss\dist\lib.js:3
8:1629)
    at LazyResult.runO
nRoot (C:\Users\Jordan
\Desktop\site\echomatc
h\node_modules\next\no
de_modules\postcss\lib
\lazy-result.js:329:16
)
    at LazyResult.runA
sync (C:\Users\Jordan\
Desktop\site\echomatch
\node_modules\next\nod
e_modules\postcss\lib\
lazy-result.js:258:26)
    at LazyResult.asyn
c (C:\Users\Jordan\Des
ktop\site\echomatch\no
de_modules\next\node_m
odules\postcss\lib\laz
y-result.js:160:30)
    at LazyResult.then
 (C:\Users\Jordan\Desk
top\site\echomatch\nod
e_modules\next\node_mo
dules\postcss\lib\lazy
-result.js:404:17)
    at tryRunOrWebpack
Error (C:\Users\Jordan
\Desktop\site\echomatc
h\node_modules\next\di
st\compiled\webpack\bu
ndle5.js:28:312989)
    at __webpack_requi
re_module__ (C:\Users\
Jordan\Desktop\site\ec
homatch\node_modules\n
ext\dist\compiled\webp
ack\bundle5.js:28:1311
65)
    at __nested_webpac
k_require_153728__ (C:
\Users\Jordan\Desktop\
site\echomatch\node_mo
dules\next\dist\compil
ed\webpack\bundle5.js:
28:130607)
    at C:\Users\Jordan
\Desktop\site\echomatc
h\node_modules\next\di
st\compiled\webpack\bu
ndle5.js:28:131454
    at symbolIterator 
(C:\Users\Jordan\Deskt
op\site\echomatch\node
_modules\next\dist\com
piled\neo-async\async.
js:1:14444)
    at done (C:\Users\
Jordan\Desktop\site\ec
homatch\node_modules\n
ext\dist\compiled\neo-
async\async.js:1:14824
)
    at Hook.eval [as c
allAsync] (eval at cre
ate (C:\Users\Jordan\D
esktop\site\echomatch\
node_modules\next\dist
\compiled\webpack\bund
le5.js:13:28858), <ano
nymous>:15:1)
    at Hook.CALL_ASYNC
_DELEGATE [as _callAsy
nc] (C:\Users\Jordan\D
esktop\site\echomatch\
node_modules\next\dist
\compiled\webpack\bund
le5.js:13:26012)
    at C:\Users\Jordan
\Desktop\site\echomatc
h\node_modules\next\di
st\compiled\webpack\bu
ndle5.js:28:130328
    at symbolIterator 
(C:\Users\Jordan\Deskt
op\site\echomatch\node
_modules\next\dist\com
piled\neo-async\async.
js:1:14402)
-- inner error --
Error: It looks like y
ou're trying to use `t
ailwindcss` directly a
s a PostCSS plugin. Th
e PostCSS plugin has m
oved to a separate pac
kage, so to continue u
sing Tailwind CSS with
 PostCSS you'll need t
o install `@tailwindcs
s/postcss` and update 
your PostCSS configura
tion.
    at at (C:\Users\Jo
rdan\Desktop\site\echo
match\node_modules\tai
lwindcss\dist\lib.js:3
8:1629)
    at LazyResult.runO
nRoot (C:\Users\Jordan
\Desktop\site\echomatc
h\node_modules\next\no
de_modules\postcss\lib
\lazy-result.js:329:16
)
    at LazyResult.runA
sync (C:\Users\Jordan\
Desktop\site\echomatch
\node_modules\next\nod
e_modules\postcss\lib\
lazy-result.js:258:26)
    at LazyResult.asyn
c (C:\Users\Jordan\Des
ktop\site\echomatch\no
de_modules\next\node_m
odules\postcss\lib\laz
y-result.js:160:30)
    at LazyResult.then
 (C:\Users\Jordan\Desk
top\site\echomatch\nod
e_modules\next\node_mo
dules\postcss\lib\lazy
-result.js:404:17)
    at Object.<anonymo
us> (C:\Users\Jordan\D
esktop\site\echomatch\
node_modules\next\dist
\build\webpack\loaders
\css-loader\src\index.
js??ruleSet[1].rules[1
4].oneOf[12].use[2]!C:
\Users\Jordan\Desktop\
site\echomatch\node_mo
dules\next\dist\build\
webpack\loaders\postcs
s-loader\src\index.js?
?ruleSet[1].rules[14].
oneOf[12].use[3]!C:\Us
ers\Jordan\Desktop\sit
e\echomatch\app\global
s.css:1:7)
    at C:\Users\Jordan
\Desktop\site\echomatc
h\node_modules\next\di
st\compiled\webpack\bu
ndle5.js:28:922493
    at Hook.eval [as c
all] (eval at create (
C:\Users\Jordan\Deskto
p\site\echomatch\node_
modules\next\dist\comp
iled\webpack\bundle5.j
s:13:28636), <anonymou
s>:7:1)
    at Hook.CALL_DELEG
ATE [as _call] (C:\Use
rs\Jordan\Desktop\site
\echomatch\node_module
s\next\dist\compiled\w
ebpack\bundle5.js:13:2
5906)
    at C:\Users\Jordan
\Desktop\site\echomatc
h\node_modules\next\di
st\compiled\webpack\bu
ndle5.js:28:131198
    at tryRunOrWebpack
Error (C:\Users\Jordan
\Desktop\site\echomatc
h\node_modules\next\di
st\compiled\webpack\bu
ndle5.js:28:312943)
    at __webpack_requi
re_module__ (C:\Users\
Jordan\Desktop\site\ec
homatch\node_modules\n
ext\dist\compiled\webp
ack\bundle5.js:28:1311
65)
    at __nested_webpac
k_require_153728__ (C:
\Users\Jordan\Desktop\
site\echomatch\node_mo
dules\next\dist\compil
ed\webpack\bundle5.js:
28:130607)
    at C:\Users\Jordan
\Desktop\site\echomatc
h\node_modules\next\di
st\compiled\webpack\bu
ndle5.js:28:131454
    at symbolIterator 
(C:\Users\Jordan\Deskt
op\site\echomatch\node
_modules\next\dist\com
piled\neo-async\async.
js:1:14444)

Generated code for C:\
Users\Jordan\Desktop\s
ite\echomatch\node_mod
ules\next\dist\build\w
ebpack\loaders\css-loa
der\src\index.js??rule
Set[1].rules[14].oneOf
[12].use[2]!C:\Users\J
ordan\Desktop\site\ech
omatch\node_modules\ne
xt\dist\build\webpack\
loaders\postcss-loader
\src\index.js??ruleSet
[1].rules[14].oneOf[12
].use[3]!C:\Users\Jord
an\Desktop\site\echoma
tch\app\globals.css

Import trace for reque
sted module:
./app/globals.css


> Build failed because
 of webpack errors
